panic: runtime error: invalid memory address or nil pointer dereference
[signal SIGSEGV: segmentation violation code=0x1 addr=0x8 pc=0x1a52de8]

goroutine 6471 [running]:
github.com/stackql/any-sdk/anysdk.(*standardLoader).resolveExpectedRequest(0xc000ff53a0, {0x2b03390, 0xc0020fa080}, 0xc001e5e780, {0x2ae94a0, 0xc001a2b050})
	/home/runner/go/pkg/mod/github.com/stackql/any-sdk@v0.3.1-beta01/anysdk/loader.go:862 +0x1e8
github.com/stackql/any-sdk/anysdk.(*standardLoader).mergeResource(0xc000ff53a0, {0xc00399e120, 0x14}, {0x2b03390, 0xc0020fa080}, {0x2b14b70, 0xc0026958c0}, 0x0)
	/home/runner/go/pkg/mod/github.com/stackql/any-sdk@v0.3.1-beta01/anysdk/loader.go:384 +0x508
github.com/stackql/any-sdk/anysdk.(*standardLoader).mergeResources(0xc000ff53a0, {0x2b03390, 0xc0020fa080}, 0xc000ff5208, 0x0)
	/home/runner/go/pkg/mod/github.com/stackql/any-sdk@v0.3.1-beta01/anysdk/loader.go:320 +0x1bd
github.com/stackql/any-sdk/anysdk.(*standardLoader).extractResources(0xc000ff53a0, {0x2b03390, 0xc0020fa080})
	/home/runner/go/pkg/mod/github.com/stackql/any-sdk@v0.3.1-beta01/anysdk/loader.go:216 +0x31d
github.com/stackql/any-sdk/anysdk.(*standardLoader).loadFromBytes(0xc000ff53a0, {0xc0019f8000?, 0x0?, 0x0?})
	/home/runner/go/pkg/mod/github.com/stackql/any-sdk@v0.3.1-beta01/anysdk/loader.go:157 +0x96
github.com/stackql/any-sdk/anysdk.loadOpenapiServiceDocFromBytes({0x2b135c0, 0xc00014fe00}, {0xc0019f8000, 0x1c9f2, 0x20000})
	/home/runner/go/pkg/mod/github.com/stackql/any-sdk@v0.3.1-beta01/anysdk/loader.go:674 +0x10b
github.com/stackql/any-sdk/anysdk.LoadServiceDocFromBytes({0x2b135c0, 0xc00014fe00}, {0xc0019f8000, 0x1c9f2, 0x20000})
	/home/runner/go/pkg/mod/github.com/stackql/any-sdk@v0.3.1-beta01/anysdk/loader.go:548 +0x89
github.com/stackql/any-sdk/anysdk.(*Registry).GetService(0xc0002c8850, {0x2b135c0, 0xc00014fe00})
	/home/runner/go/pkg/mod/github.com/stackql/any-sdk@v0.3.1-beta01/anysdk/registry.go:322 +0x66
github.com/stackql/any-sdk/anysdk.(*standardProviderService).getServiceWithRegistry(0x8080808080808020?, {0x2aff828?, 0xc0002c8850?})
	/home/runner/go/pkg/mod/github.com/stackql/any-sdk@v0.3.1-beta01/anysdk/providerService.go:254 +0x90
github.com/stackql/any-sdk/anysdk.(*standardProviderService).getResourcesShallowWithRegistry(0xc00014fe00, {0x2aff828?, 0xc0002c8850?})
	/home/runner/go/pkg/mod/github.com/stackql/any-sdk@v0.3.1-beta01/anysdk/providerService.go:356 +0xbc
github.com/stackql/any-sdk/anysdk.(*Registry).GetResourcesShallowFromProviderService(0x0?, {0x2b135c0?, 0xc00014fe00?})
	/home/runner/go/pkg/mod/github.com/stackql/any-sdk@v0.3.1-beta01/anysdk/registry.go:329 +0x31
github.com/stackql/any-sdk/public/discovery.(*BasicDiscoveryAdapter).GetResourcesMap(0xc00091c840, {0x2afd198, 0xc000233600}, {0xc0022321e0, 0x11})
	/home/runner/go/pkg/mod/github.com/stackql/any-sdk@v0.3.1-beta01/public/discovery/discovery.go:148 +0x174
github.com/stackql/stackql/internal/stackql/provider.(*GenericProvider).GetResourcesMap(_, {_, _}, {0x2d, {0x0, 0x0}, {0x0, 0x0}, 0x0, 0x64, ...})
	/home/runner/work/stackql/stackql/internal/stackql/provider/generic.go:368 +0x42
github.com/stackql/stackql/internal/stackql/primitivegenerator.(*standardPrimitiveGenerator).assembleResources(0xc000fb2008?, {0x2b1e140?, 0xc000fb2008?}, {0x2b0b7e8, 0xc000368c08}, {0xc0022321e0, 0x11})
	/home/runner/work/stackql/stackql/internal/stackql/primitivegenerator/statement_analyzer.go:291 +0xed
github.com/stackql/stackql/internal/stackql/primitivegenerator.(*standardPrimitiveGenerator).analyzeShow(0xc002703b90, {0x2b1de20, 0xc0004857a0})
	/home/runner/work/stackql/stackql/internal/stackql/primitivegenerator/statement_analyzer.go:1605 +0x7b4
github.com/stackql/stackql/internal/stackql/primitivegenerator.(*standardPrimitiveGenerator).AnalyzeStatement(0xc002703b90, {0x2b1de20, 0xc0004857a0})
	/home/runner/work/stackql/stackql/internal/stackql/primitivegenerator/statement_analyzer.go:89 +0x56f
github.com/stackql/stackql/internal/stackql/planbuilder.(*standardPlanGraphBuilder).handleShow(0xc001c7fc70, {0x2b1de20, 0xc0004857a0})
	/home/runner/work/stackql/stackql/internal/stackql/planbuilder/plan_builder.go:1223 +0x9f
github.com/stackql/stackql/internal/stackql/planbuilder.(*standardPlanGraphBuilder).createInstructionFor(0xc001c7fc70, {0x2b1de20, 0xc0004857a0})
	/home/runner/work/stackql/stackql/internal/stackql/planbuilder/plan_builder.go:140 +0x568
github.com/stackql/stackql/internal/stackql/planbuilder.(*standardPlanBuilder).BuildPlanFromContext(0xc000fcd618, {0x2b1e140, 0xc000fb2008})
	/home/runner/work/stackql/stackql/internal/stackql/planbuilder/entrypoint.go:148 +0xd98
github.com/stackql/stackql/internal/stackql/querysubmit.(*basicQuerySubmitter).PrepareQuery(0xc001c7f6d0, {0x2b1e140, 0xc000fb2008})
	/home/runner/work/stackql/stackql/internal/stackql/querysubmit/querysubmit.go:87 +0xa5
github.com/stackql/stackql/internal/stackql/acid/tsm_physio.(*basicStatement).Prepare(0xc001c7f720)
	/home/runner/work/stackql/stackql/internal/stackql/acid/tsm_physio/statement.go:108 +0xbd
github.com/stackql/stackql/internal/stackql/acid/tsm_physio.(*standardOrchestrator).processQuery(0xc001e6a9a0, {0x2b1e140?, 0xc000f82f08?}, {0xc000f7c023, 0x27})
	/home/runner/work/stackql/stackql/internal/stackql/acid/tsm_physio/txn_orchestrator.go:91 +0x192
github.com/stackql/stackql/internal/stackql/acid/tsm_physio.(*standardOrchestrator).processQueryOrQueries(0xc001e6a9a0, {0x2b1e140, 0xc000f82f08})
	/home/runner/work/stackql/stackql/internal/stackql/acid/tsm_physio/txn_orchestrator.go:72 +0xb2
github.com/stackql/stackql/internal/stackql/acid/tsm_physio.(*standardOrchestrator).ProcessQueryOrQueries(0x7f43ee2715c0?, {0x2b1e140?, 0xc000f82f08?})
	/home/runner/work/stackql/stackql/internal/stackql/acid/tsm_physio/txn_orchestrator.go:63 +0x1d
github.com/stackql/stackql/internal/stackql/driver.(*basicStackQLDriver).processQueryOrQueries(...)
	/home/runner/work/stackql/stackql/internal/stackql/driver/driver.go:203
github.com/stackql/stackql/internal/stackql/driver.(*basicStackQLDriver).HandleSimpleQuery(0xc001539500, {0x1e133a2?, 0x2617e20?}, {0xc000f7c023?, 0x27?})
	/home/runner/work/stackql/stackql/internal/stackql/driver/driver.go:153 +0x4e
github.com/stackql/psql-wire.(*simpleSqlConnection).HandleSimpleQuery(0x2617e20?, {0x2ad1098?, 0xc001c7f680?}, {0xc000f7c023?, 0x5?})
	/home/runner/go/pkg/mod/github.com/stackql/psql-wire@v0.1.2-alpha01/connection.go:65 +0x2b
github.com/stackql/psql-wire.(*Server).handleSimpleQuery(0xc000852aa0, {0x2ad1098, 0xc001c7f680}, {0x2b14190, 0xc001c7f4f0})
	/home/runner/go/pkg/mod/github.com/stackql/psql-wire@v0.1.2-alpha01/command.go:185 +0x2cb
github.com/stackql/psql-wire.(*Server).handleCommand(0xc000852aa0, {0x2ad1060?, 0xc0015390e0?}, {0x2b14190, 0xc001c7f4f0}, 0x51)
	/home/runner/go/pkg/mod/github.com/stackql/psql-wire@v0.1.2-alpha01/command.go:111 +0x348
github.com/stackql/psql-wire.(*Server).consumeCommands(0xc000852aa0, {0x2ad1060, 0xc0015390e0}, {0x2b14190, 0xc001c7f4f0})
	/home/runner/go/pkg/mod/github.com/stackql/psql-wire@v0.1.2-alpha01/command.go:68 +0x325
github.com/stackql/psql-wire.(*Server).serve(0xc000852aa0, {0x2ad0ff0?, 0x41238a0?}, {0x2ae4638, 0xc000114440})
	/home/runner/go/pkg/mod/github.com/stackql/psql-wire@v0.1.2-alpha01/wire.go:175 +0x465
github.com/stackql/psql-wire.(*Server).Serve.func2()
	/home/runner/go/pkg/mod/github.com/stackql/psql-wire@v0.1.2-alpha01/wire.go:117 +0x8d
created by github.com/stackql/psql-wire.(*Server).Serve in goroutine 1
	/home/runner/go/pkg/mod/github.com/stackql/psql-wire@v0.1.2-alpha01/wire.go:114 +0x245
